11:36:11,scheduled task 796, START,57672
11:36:18,scheduled task 796, END,57672
12:00:00a,err..

13:36:18,scheduled task 100, END,57670
13:36:19,scheduled task 101, START,57671
13:36:20,scheduled task 102, START,57672, 57671
13:36:21,scheduled task 103, START
13:36:19,scheduled task 104, STARTING,57673
13:36:20,scheduled task 105, START,'57674'